# bun-env-probe run 2026-08-16T07-38-24-000Z (host: arm64, 26.5.2)
## node
runtime            : node v26.4.0
process.env 自身   : true
execSync       : true
spawnSync      : true
execFileSync   : true
child node     : true
## bun
runtime            : bun 1.3.14
process.env 自身   : true
execSync       : (未伝播)
spawnSync      : (empty)
execFileSync   : ERROR Command failed: printenv PROBE_AFTER_START
child node     : (未伝播)
## bun --bun
runtime            : bun 1.3.14
process.env 自身   : true
execSync       : (未伝播)
spawnSync      : (empty)
execFileSync   : ERROR Command failed: printenv PROBE_AFTER_START
child node     : (未伝播)
## workaround (bun)
bun 1.3.14
  execSync  env省略        : (未伝播)
  execSync  env: process.env: true
  spawnSync env: process.env: true
